---
source: src/ansi256.rs
expression: colors.srgb_from_index(2)
---
red: 0
green: 166
blue: 0
