---
source: src/ansi256.rs
expression: colors.srgb_from_index(30)
---
red: 0
green: 135
blue: 135
